 qcu_kdrv

 Timestamp is 69c784de (Sat Mar 28 15:35:58 2026)

 Preferred load address is 0000000180000000

 Start         Length     Name                   Class
 0001:00000000 00001700H .text$mn                CODE
 0001:00001700 000001f0H .text$mn$21             CODE
 0001:000018f0 00000016H .text$x                 CODE
 0002:00000000 00000110H .idata$5                DATA
 0002:00000110 000001b4H .rdata                  DATA
 0002:000002c4 00000018H .rdata$voltmd           DATA
 0002:000002dc 000001a4H .rdata$zzzdbg           DATA
 0002:00000480 00000180H .xdata                  DATA
 0003:00000000 00000040H .data                   DATA
 0003:00000040 00000038H .bss                    DATA
 0004:00000000 00000014H .idata$2                DATA
 0004:00000014 00000014H .idata$3                DATA
 0004:00000028 00000110H .idata$4                DATA
 0004:00000138 00000316H .idata$6                DATA
 0005:00000000 0000015cH .pdata                  DATA

  Address         Publics by Value              Rva+Base               Lib:Object

 0000:00000000       __AbsoluteZero             0000000000000000     <absolute>
 0000:00000000       ___safe_se_handler_count   0000000000000000     <absolute>
 0000:00000000       ___safe_se_handler_table   0000000000000000     <absolute>
 0000:00000000       __arm64x_extra_rfe_table   0000000000000000     <absolute>
 0000:00000000       __arm64x_extra_rfe_table_size 0000000000000000     <absolute>
 0000:00000000       __arm64x_native_entrypoint 0000000000000000     <absolute>
 0000:00000000       __arm64x_redirection_metadata 0000000000000000     <absolute>
 0000:00000000       __arm64x_redirection_metadata_count 0000000000000000     <absolute>
 0000:00000000       __dynamic_value_reloc_table 0000000000000000     <absolute>
 0000:00000000       __enclave_config           0000000000000000     <absolute>
 0000:00000000       __guard_check_icall_a64n_fptr 0000000000000000     <absolute>
 0000:00000000       __guard_eh_cont_count      0000000000000000     <absolute>
 0000:00000000       __guard_eh_cont_table      0000000000000000     <absolute>
 0000:00000000       __guard_fids_count         0000000000000000     <absolute>
 0000:00000000       __guard_fids_table         0000000000000000     <absolute>
 0000:00000000       __guard_iat_count          0000000000000000     <absolute>
 0000:00000000       __guard_iat_table          0000000000000000     <absolute>
 0000:00000000       __guard_longjmp_count      0000000000000000     <absolute>
 0000:00000000       __guard_longjmp_table      0000000000000000     <absolute>
 0000:00000000       __hybrid_auxiliary_delayload_iat 0000000000000000     <absolute>
 0000:00000000       __hybrid_auxiliary_delayload_iat_copy 0000000000000000     <absolute>
 0000:00000000       __hybrid_auxiliary_iat     0000000000000000     <absolute>
 0000:00000000       __hybrid_auxiliary_iat_copy 0000000000000000     <absolute>
 0000:00000000       __hybrid_code_map          0000000000000000     <absolute>
 0000:00000000       __hybrid_code_map_count    0000000000000000     <absolute>
 0000:00000000       __hybrid_image_info_bitfield 0000000000000000     <absolute>
 0000:00000000       __x64_code_ranges_to_entry_points 0000000000000000     <absolute>
 0000:00000000       __x64_code_ranges_to_entry_points_count 0000000000000000     <absolute>
 0000:00000100       __guard_flags              0000000000000100     <absolute>
 0000:00000000       __ImageBase                0000000180000000     <linker-defined>
 0001:00000050       CustomDriverEntry          0000000180001050 f   qcu_kdrv.obj
 0001:000002f0       FatalListEntryError        00000001800012f0 f i qcu_kdrv.obj
 0001:00000f80       InitializeListHead         0000000180001f80 f i qcu_kdrv.obj
 0001:00000fb0       InsertTailList             0000000180001fb0 f i qcu_kdrv.obj
 0001:00001030       IoGetCurrentIrpStackLocation 0000000180002030 f i qcu_kdrv.obj
 0001:00001050       IsListEmpty                0000000180002050 f i qcu_kdrv.obj
 0001:00001420       RemoveEntryList            0000000180002420 f i qcu_kdrv.obj
 0001:000014b0       RemoveHeadList             00000001800024b0 f i qcu_kdrv.obj
 0001:00001530       RtlFailFast                0000000180002530 f i qcu_kdrv.obj
 0001:00001550       _InlineInterlockedAdd64    0000000180002550 f i qcu_kdrv.obj
 0001:00001580       RtlInitUnicodeString       0000000180002580 f   ntoskrnl:ntoskrnl.exe
 0001:00001586       DbgPrintEx                 0000000180002586 f   ntoskrnl:ntoskrnl.exe
 0001:0000158c       KeInitializeDpc            000000018000258c f   ntoskrnl:ntoskrnl.exe
 0001:00001592       KeInsertQueueDpc           0000000180002592 f   ntoskrnl:ntoskrnl.exe
 0001:00001598       KeSetImportanceDpc         0000000180002598 f   ntoskrnl:ntoskrnl.exe
 0001:0000159e       KeSetTargetProcessorDpc    000000018000259e f   ntoskrnl:ntoskrnl.exe
 0001:000015a4       KeInitializeEvent          00000001800025a4 f   ntoskrnl:ntoskrnl.exe
 0001:000015aa       KeSetEvent                 00000001800025aa f   ntoskrnl:ntoskrnl.exe
 0001:000015b0       KeWaitForSingleObject      00000001800025b0 f   ntoskrnl:ntoskrnl.exe
 0001:000015b6       KeInitializeSpinLock       00000001800025b6 f   ntoskrnl:ntoskrnl.exe
 0001:000015bc       KeAcquireSpinLockRaiseToDpc 00000001800025bc f   ntoskrnl:ntoskrnl.exe
 0001:000015c2       KeReleaseSpinLock          00000001800025c2 f   ntoskrnl:ntoskrnl.exe
 0001:000015c8       KeGetCurrentProcessorNumberEx 00000001800025c8 f   ntoskrnl:ntoskrnl.exe
 0001:000015ce       KeQueryHighestNodeNumber   00000001800025ce f   ntoskrnl:ntoskrnl.exe
 0001:000015d4       KeGetCurrentNodeNumber     00000001800025d4 f   ntoskrnl:ntoskrnl.exe
 0001:000015da       KeQueryNodeActiveAffinity2 00000001800025da f   ntoskrnl:ntoskrnl.exe
 0001:000015e0       ExAllocatePoolWithTag      00000001800025e0 f   ntoskrnl:ntoskrnl.exe
 0001:000015e6       ExFreePoolWithTag          00000001800025e6 f   ntoskrnl:ntoskrnl.exe
 0001:000015ec       MmBuildMdlForNonPagedPool  00000001800025ec f   ntoskrnl:ntoskrnl.exe
 0001:000015f2       MmMapLockedPagesSpecifyCache 00000001800025f2 f   ntoskrnl:ntoskrnl.exe
 0001:000015f8       MmUnmapLockedPages         00000001800025f8 f   ntoskrnl:ntoskrnl.exe
 0001:000015fe       MmAllocateContiguousMemorySpecifyCache 00000001800025fe f   ntoskrnl:ntoskrnl.exe
 0001:00001604       MmFreeContiguousMemory     0000000180002604 f   ntoskrnl:ntoskrnl.exe
 0001:0000160a       IoAllocateMdl              000000018000260a f   ntoskrnl:ntoskrnl.exe
 0001:00001610       IofCompleteRequest         0000000180002610 f   ntoskrnl:ntoskrnl.exe
 0001:00001616       IoCreateDevice             0000000180002616 f   ntoskrnl:ntoskrnl.exe
 0001:0000161c       IoCreateSymbolicLink       000000018000261c f   ntoskrnl:ntoskrnl.exe
 0001:00001622       IoDeleteDevice             0000000180002622 f   ntoskrnl:ntoskrnl.exe
 0001:00001628       IoDeleteSymbolicLink       0000000180002628 f   ntoskrnl:ntoskrnl.exe
 0001:0000162e       IoFreeMdl                  000000018000262e f   ntoskrnl:ntoskrnl.exe
 0001:00001634       MmGetPhysicalMemoryRanges  0000000180002634 f   ntoskrnl:ntoskrnl.exe
 0001:0000163a       MmGetPhysicalAddress       000000018000263a f   ntoskrnl:ntoskrnl.exe
 0001:00001640       __C_specific_handler       0000000180002640 f   ntoskrnl:ntoskrnl.exe
 0001:00001648       __cpu_features_init        0000000180002648 f   ntoskrnl:cpuinfo.obj
 0001:00001700       memset                     0000000180002700 f   ntoskrnl:memset.obj
 0001:00001700       memset_$fo_default$        0000000180002700     ntoskrnl:memset.obj
 0001:00001840       __memset_repmovs           0000000180002840 f   ntoskrnl:memset.obj
 0001:000018c0       __memset_query             00000001800028c0 f   ntoskrnl:memset.obj
 0002:00000000       __imp_RtlInitUnicodeString 0000000180003000     ntoskrnl:ntoskrnl.exe
 0002:00000008       __imp_DbgPrintEx           0000000180003008     ntoskrnl:ntoskrnl.exe
 0002:00000010       __imp_KeInitializeDpc      0000000180003010     ntoskrnl:ntoskrnl.exe
 0002:00000018       __imp_KeInsertQueueDpc     0000000180003018     ntoskrnl:ntoskrnl.exe
 0002:00000020       __imp_KeSetImportanceDpc   0000000180003020     ntoskrnl:ntoskrnl.exe
 0002:00000028       __imp_KeSetTargetProcessorDpc 0000000180003028     ntoskrnl:ntoskrnl.exe
 0002:00000030       __imp_KeInitializeEvent    0000000180003030     ntoskrnl:ntoskrnl.exe
 0002:00000038       __imp_KeSetEvent           0000000180003038     ntoskrnl:ntoskrnl.exe
 0002:00000040       __imp_KeWaitForSingleObject 0000000180003040     ntoskrnl:ntoskrnl.exe
 0002:00000048       __imp_KeInitializeSpinLock 0000000180003048     ntoskrnl:ntoskrnl.exe
 0002:00000050       __imp_KeAcquireSpinLockRaiseToDpc 0000000180003050     ntoskrnl:ntoskrnl.exe
 0002:00000058       __imp_KeReleaseSpinLock    0000000180003058     ntoskrnl:ntoskrnl.exe
 0002:00000060       __imp_KeGetCurrentProcessorNumberEx 0000000180003060     ntoskrnl:ntoskrnl.exe
 0002:00000068       __imp_KeQueryHighestNodeNumber 0000000180003068     ntoskrnl:ntoskrnl.exe
 0002:00000070       __imp_KeGetCurrentNodeNumber 0000000180003070     ntoskrnl:ntoskrnl.exe
 0002:00000078       __imp_KeQueryNodeActiveAffinity2 0000000180003078     ntoskrnl:ntoskrnl.exe
 0002:00000080       __imp_ExAllocatePoolWithTag 0000000180003080     ntoskrnl:ntoskrnl.exe
 0002:00000088       __imp_ExFreePoolWithTag    0000000180003088     ntoskrnl:ntoskrnl.exe
 0002:00000090       __imp_MmBuildMdlForNonPagedPool 0000000180003090     ntoskrnl:ntoskrnl.exe
 0002:00000098       __imp_MmMapLockedPagesSpecifyCache 0000000180003098     ntoskrnl:ntoskrnl.exe
 0002:000000a0       __imp_MmUnmapLockedPages   00000001800030a0     ntoskrnl:ntoskrnl.exe
 0002:000000a8       __imp_MmAllocateContiguousMemorySpecifyCache 00000001800030a8     ntoskrnl:ntoskrnl.exe
 0002:000000b0       __imp_MmFreeContiguousMemory 00000001800030b0     ntoskrnl:ntoskrnl.exe
 0002:000000b8       __imp_IoAllocateMdl        00000001800030b8     ntoskrnl:ntoskrnl.exe
 0002:000000c0       __imp_IofCompleteRequest   00000001800030c0     ntoskrnl:ntoskrnl.exe
 0002:000000c8       __imp_IoCreateDevice       00000001800030c8     ntoskrnl:ntoskrnl.exe
 0002:000000d0       __imp_IoCreateSymbolicLink 00000001800030d0     ntoskrnl:ntoskrnl.exe
 0002:000000d8       __imp_IoDeleteDevice       00000001800030d8     ntoskrnl:ntoskrnl.exe
 0002:000000e0       __imp_IoDeleteSymbolicLink 00000001800030e0     ntoskrnl:ntoskrnl.exe
 0002:000000e8       __imp_IoFreeMdl            00000001800030e8     ntoskrnl:ntoskrnl.exe
 0002:000000f0       __imp_MmGetPhysicalMemoryRanges 00000001800030f0     ntoskrnl:ntoskrnl.exe
 0002:000000f8       __imp_MmGetPhysicalAddress 00000001800030f8     ntoskrnl:ntoskrnl.exe
 0002:00000100       __imp___C_specific_handler 0000000180003100     ntoskrnl:ntoskrnl.exe
 0002:00000108       \177ntoskrnl_NULL_THUNK_DATA 0000000180003108     ntoskrnl:ntoskrnl.exe
 0002:00000110       ??_C@_1CA@BLMHKHMH@?$AA?2?$AAD?$AAe?$AAv?$AAi?$AAc?$AAe?$AA?2?$AAQ?$AAc?$AAu?$AAK?$AAd?$AAr?$AAv@ 0000000180003110     qcu_kdrv.obj
 0002:00000130       ??_C@_0CF@COICPANH@?$FLQCU?$FN?5IoCreateDevice?5failed?3?50x@ 0000000180003130     qcu_kdrv.obj
 0002:00000158       ??_C@_1CI@KDMMNLFJ@?$AA?2?$AAD?$AAo?$AAs?$AAD?$AAe?$AAv?$AAi?$AAc?$AAe?$AAs?$AA?2?$AAQ?$AAc?$AAu@ 0000000180003158     qcu_kdrv.obj
 0002:00000180       ??_C@_0CL@DFMHNLBL@?$FLQCU?$FN?5IoCreateSymbolicLink?5fail@ 0000000180003180     qcu_kdrv.obj
 0002:000001b0       ??_C@_0CC@BHGDNDAD@?$FLQCU?$FN?5Driver?5loaded?4?5Device?3?5?$CFw@ 00000001800031b0     qcu_kdrv.obj
 0002:000001d8       ??_C@_0BE@EIDFFMKK@?$FLQCU?$FN?5Unloading?4?4?4?6@ 00000001800031d8     qcu_kdrv.obj
 0002:000001f0       ??_C@_0BB@GHFABDDB@?$FLQCU?$FN?5Unloaded?4?6@ 00000001800031f0     qcu_kdrv.obj
 0002:00000208       ??_C@_0DB@FCOBDHLB@?$FLQCU?$FN?5Alloc?5?$CFllu?5MB?5?$EA?5phys?$DN0x?$CFl@ 0000000180003208     qcu_kdrv.obj
 0002:00000240       ??_C@_0CO@PLNMNKOB@?$FLQCU?$FN?5Mapped?5handle?$DN0x?$CFllX?5?9?$DO?5u@ 0000000180003240     qcu_kdrv.obj
 0002:000002c4       __volatile_metadata        00000001800032c4     <linker-defined>
 0003:00000000       __isa_info                 0000000180004000     ntoskrnl:cpuinfo.obj
 0003:00000040       ExPoolZeroingNativelySupported 0000000180004040     qcu_kdrv.obj
 0004:00000000       __IMPORT_DESCRIPTOR_ntoskrnl 0000000180005000     ntoskrnl:ntoskrnl.exe
 0004:00000014       __NULL_IMPORT_DESCRIPTOR   0000000180005014     ntoskrnl:ntoskrnl.exe

 entry point at        0001:00000050

 Static symbols

 0000:ffff9000       .debug$S                   0000000180000000     ntoskrnl:ntoskrnl.exe
 0000:ffff9000       .debug$S                   0000000180000000     ntoskrnl:ntoskrnl.exe
 0000:ffff9000       .debug$S                   0000000180000000     ntoskrnl:ntoskrnl.exe
 0000:ffff9000       .debug$S                   0000000180000000     ntoskrnl:ntoskrnl.exe
 0000:ffff9000       .debug$S                   0000000180000000     ntoskrnl:ntoskrnl.exe
 0000:ffff9000       .debug$S                   0000000180000000     ntoskrnl:ntoskrnl.exe
 0000:ffff9000       .debug$S                   0000000180000000     ntoskrnl:ntoskrnl.exe
 0000:ffff9000       .debug$S                   0000000180000000     ntoskrnl:ntoskrnl.exe
 0000:ffff9000       .debug$S                   0000000180000000     ntoskrnl:ntoskrnl.exe
 0000:ffff9000       .debug$S                   0000000180000000     ntoskrnl:ntoskrnl.exe
 0000:ffff9000       .debug$S                   0000000180000000     ntoskrnl:ntoskrnl.exe
 0000:ffff9000       .debug$S                   0000000180000000     ntoskrnl:ntoskrnl.exe
 0000:ffff9000       .debug$S                   0000000180000000     ntoskrnl:ntoskrnl.exe
 0000:ffff9000       .debug$S                   0000000180000000     ntoskrnl:ntoskrnl.exe
 0000:ffff9000       .debug$S                   0000000180000000     ntoskrnl:ntoskrnl.exe
 0000:ffff9000       .debug$S                   0000000180000000     ntoskrnl:ntoskrnl.exe
 0000:ffff9000       .debug$S                   0000000180000000     ntoskrnl:ntoskrnl.exe
 0000:ffff9000       .debug$S                   0000000180000000     ntoskrnl:ntoskrnl.exe
 0000:ffff9000       .debug$S                   0000000180000000     ntoskrnl:ntoskrnl.exe
 0000:ffff9000       .debug$S                   0000000180000000     ntoskrnl:ntoskrnl.exe
 0000:ffff9000       .debug$S                   0000000180000000     ntoskrnl:ntoskrnl.exe
 0000:ffff9000       .debug$S                   0000000180000000     ntoskrnl:ntoskrnl.exe
 0000:ffff9000       .debug$S                   0000000180000000     ntoskrnl:ntoskrnl.exe
 0000:ffff9000       .debug$S                   0000000180000000     ntoskrnl:ntoskrnl.exe
 0000:ffff9000       .debug$S                   0000000180000000     ntoskrnl:ntoskrnl.exe
 0000:ffff9000       .debug$S                   0000000180000000     ntoskrnl:ntoskrnl.exe
 0000:ffff9000       .debug$S                   0000000180000000     ntoskrnl:ntoskrnl.exe
 0000:ffff9000       .debug$S                   0000000180000000     ntoskrnl:ntoskrnl.exe
 0000:ffff9000       .debug$S                   0000000180000000     ntoskrnl:ntoskrnl.exe
 0000:ffff9000       .debug$S                   0000000180000000     ntoskrnl:ntoskrnl.exe
 0000:ffff9000       .debug$S                   0000000180000000     ntoskrnl:ntoskrnl.exe
 0000:ffff9000       .debug$S                   0000000180000000     ntoskrnl:ntoskrnl.exe
 0000:ffff9000       .debug$S                   0000000180000000     ntoskrnl:ntoskrnl.exe
 0001:00000000       CompleteIrp                0000000180001000 f   qcu_kdrv.obj
 0001:00000320       FindEntry                  0000000180001320 f   qcu_kdrv.obj
 0001:000003b0       HandleAllocPhysical        00000001800013b0 f   qcu_kdrv.obj
 0001:00000670       HandleFreePhysical         0000000180001670 f   qcu_kdrv.obj
 0001:000007d0       HandleGetNumaInfo          00000001800017d0 f   qcu_kdrv.obj
 0001:00000980       HandleMapToUser            0000000180001980 f   qcu_kdrv.obj
 0001:00000ba0       HandleQueryStatus          0000000180001ba0 f   qcu_kdrv.obj
 0001:00000c40       HandleReadPmc              0000000180001c40 f   qcu_kdrv.obj
 0001:00000e40       HandleUnmapFromUser        0000000180001e40 f   qcu_kdrv.obj
 0001:00001080       PmcDpcRoutine              0000000180002080 f   qcu_kdrv.obj
 0001:00001150       QcuClose                   0000000180002150 f   qcu_kdrv.obj
 0001:00001180       QcuCreate                  0000000180002180 f   qcu_kdrv.obj
 0001:000011b0       QcuDeviceControl           00000001800021b0 f   qcu_kdrv.obj
 0001:00001294       $LN14                      0000000180002294     qcu_kdrv.obj
 0001:000012b4       $LN13                      00000001800022b4     qcu_kdrv.obj
 0001:000012d0       QcuUnload                  00000001800022d0 f   qcu_kdrv.obj
 0001:00001700       $$000000                   0000000180002700     ntoskrnl:memset.obj
 0001:00001722       mset10                     0000000180002722     ntoskrnl:memset.obj
 0001:00001738       mset20                     0000000180002738     ntoskrnl:memset.obj
 0001:00001761       mset30                     0000000180002761     ntoskrnl:memset.obj
 0001:00001790       mset45                     0000000180002790     ntoskrnl:memset.obj
 0001:00001796       mset46                     0000000180002796     ntoskrnl:memset.obj
 0001:000017c0       mset47                     00000001800027c0     ntoskrnl:memset.obj
 0001:000017f0       mset48                     00000001800027f0     ntoskrnl:memset.obj
 0001:00001806       mset50                     0000000180002806     ntoskrnl:memset.obj
 0001:00001840       $$000000                   0000000180002840     ntoskrnl:memset.obj
 0001:0000184a       repmovs10                  000000018000284a     ntoskrnl:memset.obj
 0001:0000187c       repmovs20                  000000018000287c     ntoskrnl:memset.obj
 0001:000018c0       $$000000                   00000001800028c0     ntoskrnl:memset.obj
 0001:000018f0       HandleMapToUser$filt$0     00000001800028f0 f   qcu_kdrv.obj
 0002:00000480       $unwind$_InlineInterlockedAdd64 0000000180003480     qcu_kdrv.obj
 0002:0000048c       $unwind$RtlFailFast        000000018000348c     qcu_kdrv.obj
 0002:00000498       $unwind$InitializeListHead 0000000180003498     qcu_kdrv.obj
 0002:000004a4       $unwind$IsListEmpty        00000001800034a4     qcu_kdrv.obj
 0002:000004b0       $unwind$FatalListEntryError 00000001800034b0     qcu_kdrv.obj
 0002:000004bc       $unwind$RemoveEntryList    00000001800034bc     qcu_kdrv.obj
 0002:000004c8       $unwind$RemoveHeadList     00000001800034c8     qcu_kdrv.obj
 0002:000004d4       $unwind$InsertTailList     00000001800034d4     qcu_kdrv.obj
 0002:000004e0       $unwind$IoGetCurrentIrpStackLocation 00000001800034e0     qcu_kdrv.obj
 0002:000004ec       $unwind$QcuCreate          00000001800034ec     qcu_kdrv.obj
 0002:000004f8       $unwind$QcuClose           00000001800034f8     qcu_kdrv.obj
 0002:00000504       $unwind$QcuDeviceControl   0000000180003504     qcu_kdrv.obj
 0002:00000510       $unwind$QcuUnload          0000000180003510     qcu_kdrv.obj
 0002:0000051c       $unwind$HandleAllocPhysical 000000018000351c     qcu_kdrv.obj
 0002:0000052c       $unwind$HandleFreePhysical 000000018000352c     qcu_kdrv.obj
 0002:00000538       $unwind$HandleMapToUser    0000000180003538     qcu_kdrv.obj
 0002:0000055c       $unwind$HandleMapToUser$filt$0 000000018000355c     qcu_kdrv.obj
 0002:00000564       $unwind$HandleUnmapFromUser 0000000180003564     qcu_kdrv.obj
 0002:00000570       $unwind$HandleGetNumaInfo  0000000180003570     qcu_kdrv.obj
 0002:00000580       $unwind$HandleReadPmc      0000000180003580     qcu_kdrv.obj
 0002:0000058c       $unwind$HandleQueryStatus  000000018000358c     qcu_kdrv.obj
 0002:00000598       $unwind$FindEntry          0000000180003598     qcu_kdrv.obj
 0002:000005a4       $unwind$CompleteIrp        00000001800035a4     qcu_kdrv.obj
 0002:000005b0       $unwind$CustomDriverEntry  00000001800035b0     qcu_kdrv.obj
 0002:000005bc       $unwind$PmcDpcRoutine      00000001800035bc     qcu_kdrv.obj
 0002:000005c8       $xdatasym$memset           00000001800035c8     ntoskrnl:memset.obj
 0002:000005d0       $xdatasym$__memset_repmovs 00000001800035d0     ntoskrnl:memset.obj
 0002:000005e0       $xdatasym$__memset_query   00000001800035e0     ntoskrnl:memset.obj
 0002:000005f4       $unwind$__cpu_features_init 00000001800035f4     ntoskrnl:cpuinfo.obj
 0003:00000048       g_alloc_list               0000000180004048     qcu_kdrv.obj
 0003:00000058       g_alloc_lock               0000000180004058     qcu_kdrv.obj
 0003:00000060       g_alloc_count              0000000180004060     qcu_kdrv.obj
 0003:00000068       g_alloc_bytes              0000000180004068     qcu_kdrv.obj
 0003:00000070       g_device_obj               0000000180004070     qcu_kdrv.obj
 0004:00000440       .idata$6                   0000000180005440     ntoskrnl:ntoskrnl.exe
