 qcu_kdrv

 Timestamp is 69c78e98 (Sat Mar 28 16:17:28 2026)

 Preferred load address is 0000000180000000

 Start         Length     Name                   Class
 0001:00000000 000015c0H .text$mn                CODE
 0001:000015c0 000001f0H .text$mn$21             CODE
 0001:000017b0 00000016H .text$x                 CODE
 0002:00000000 00000120H .idata$5                DATA
 0002:00000120 000001e4H .rdata                  DATA
 0002:00000304 00000018H .rdata$voltmd           DATA
 0002:0000031c 000001acH .rdata$zzzdbg           DATA
 0002:000004c8 00000160H .xdata                  DATA
 0003:00000000 00000040H .data                   DATA
 0003:00000040 00000050H .bss                    DATA
 0004:00000000 00000014H .idata$2                DATA
 0004:00000014 00000014H .idata$3                DATA
 0004:00000028 00000120H .idata$4                DATA
 0004:00000148 00000346H .idata$6                DATA
 0005:00000000 00000138H .pdata                  DATA

  Address         Publics by Value              Rva+Base               Lib:Object

 0000:00000000       __AbsoluteZero             0000000000000000     <absolute>
 0000:00000000       ___safe_se_handler_count   0000000000000000     <absolute>
 0000:00000000       ___safe_se_handler_table   0000000000000000     <absolute>
 0000:00000000       __arm64x_extra_rfe_table   0000000000000000     <absolute>
 0000:00000000       __arm64x_extra_rfe_table_size 0000000000000000     <absolute>
 0000:00000000       __arm64x_native_entrypoint 0000000000000000     <absolute>
 0000:00000000       __arm64x_redirection_metadata 0000000000000000     <absolute>
 0000:00000000       __arm64x_redirection_metadata_count 0000000000000000     <absolute>
 0000:00000000       __dynamic_value_reloc_table 0000000000000000     <absolute>
 0000:00000000       __enclave_config           0000000000000000     <absolute>
 0000:00000000       __guard_check_icall_a64n_fptr 0000000000000000     <absolute>
 0000:00000000       __guard_eh_cont_count      0000000000000000     <absolute>
 0000:00000000       __guard_eh_cont_table      0000000000000000     <absolute>
 0000:00000000       __guard_fids_count         0000000000000000     <absolute>
 0000:00000000       __guard_fids_table         0000000000000000     <absolute>
 0000:00000000       __guard_iat_count          0000000000000000     <absolute>
 0000:00000000       __guard_iat_table          0000000000000000     <absolute>
 0000:00000000       __guard_longjmp_count      0000000000000000     <absolute>
 0000:00000000       __guard_longjmp_table      0000000000000000     <absolute>
 0000:00000000       __hybrid_auxiliary_delayload_iat 0000000000000000     <absolute>
 0000:00000000       __hybrid_auxiliary_delayload_iat_copy 0000000000000000     <absolute>
 0000:00000000       __hybrid_auxiliary_iat     0000000000000000     <absolute>
 0000:00000000       __hybrid_auxiliary_iat_copy 0000000000000000     <absolute>
 0000:00000000       __hybrid_code_map          0000000000000000     <absolute>
 0000:00000000       __hybrid_code_map_count    0000000000000000     <absolute>
 0000:00000000       __hybrid_image_info_bitfield 0000000000000000     <absolute>
 0000:00000000       __x64_code_ranges_to_entry_points 0000000000000000     <absolute>
 0000:00000000       __x64_code_ranges_to_entry_points_count 0000000000000000     <absolute>
 0000:00000100       __guard_flags              0000000000000100     <absolute>
 0000:00000000       __ImageBase                0000000180000000     <linker-defined>
 0001:00000050       CustomDriverEntry          0000000180001050 f   qcu_kdrv.obj
 0001:00000300       FatalListEntryError        0000000180001300 f i qcu_kdrv.obj
 0001:00000f90       InitializeListHead         0000000180001f90 f i qcu_kdrv.obj
 0001:00000fc0       InsertTailList             0000000180001fc0 f i qcu_kdrv.obj
 0001:00001040       IoGetCurrentIrpStackLocation 0000000180002040 f i qcu_kdrv.obj
 0001:00001350       RemoveEntryList            0000000180002350 f i qcu_kdrv.obj
 0001:000013e0       RtlFailFast                00000001800023e0 f i qcu_kdrv.obj
 0001:00001400       _InlineInterlockedAdd64    0000000180002400 f i qcu_kdrv.obj
 0001:00001430       RtlInitUnicodeString       0000000180002430 f   ntoskrnl:ntoskrnl.exe
 0001:00001436       DbgPrintEx                 0000000180002436 f   ntoskrnl:ntoskrnl.exe
 0001:0000143c       KeInitializeDpc            000000018000243c f   ntoskrnl:ntoskrnl.exe
 0001:00001442       KeInsertQueueDpc           0000000180002442 f   ntoskrnl:ntoskrnl.exe
 0001:00001448       KeSetImportanceDpc         0000000180002448 f   ntoskrnl:ntoskrnl.exe
 0001:0000144e       KeSetTargetProcessorDpc    000000018000244e f   ntoskrnl:ntoskrnl.exe
 0001:00001454       KeInitializeEvent          0000000180002454 f   ntoskrnl:ntoskrnl.exe
 0001:0000145a       KeSetEvent                 000000018000245a f   ntoskrnl:ntoskrnl.exe
 0001:00001460       KeWaitForSingleObject      0000000180002460 f   ntoskrnl:ntoskrnl.exe
 0001:00001466       KeInitializeSpinLock       0000000180002466 f   ntoskrnl:ntoskrnl.exe
 0001:0000146c       KeAcquireSpinLockRaiseToDpc 000000018000246c f   ntoskrnl:ntoskrnl.exe
 0001:00001472       KeReleaseSpinLock          0000000180002472 f   ntoskrnl:ntoskrnl.exe
 0001:00001478       KeGetCurrentProcessorNumberEx 0000000180002478 f   ntoskrnl:ntoskrnl.exe
 0001:0000147e       KeQueryHighestNodeNumber   000000018000247e f   ntoskrnl:ntoskrnl.exe
 0001:00001484       KeGetCurrentNodeNumber     0000000180002484 f   ntoskrnl:ntoskrnl.exe
 0001:0000148a       KeQueryNodeActiveAffinity2 000000018000248a f   ntoskrnl:ntoskrnl.exe
 0001:00001490       ExAllocatePoolWithTag      0000000180002490 f   ntoskrnl:ntoskrnl.exe
 0001:00001496       ExFreePoolWithTag          0000000180002496 f   ntoskrnl:ntoskrnl.exe
 0001:0000149c       MmBuildMdlForNonPagedPool  000000018000249c f   ntoskrnl:ntoskrnl.exe
 0001:000014a2       MmMapLockedPagesSpecifyCache 00000001800024a2 f   ntoskrnl:ntoskrnl.exe
 0001:000014a8       MmUnmapLockedPages         00000001800024a8 f   ntoskrnl:ntoskrnl.exe
 0001:000014ae       MmAllocateContiguousMemorySpecifyCache 00000001800024ae f   ntoskrnl:ntoskrnl.exe
 0001:000014b4       MmFreeContiguousMemory     00000001800024b4 f   ntoskrnl:ntoskrnl.exe
 0001:000014ba       IoAllocateMdl              00000001800024ba f   ntoskrnl:ntoskrnl.exe
 0001:000014c0       IofCompleteRequest         00000001800024c0 f   ntoskrnl:ntoskrnl.exe
 0001:000014c6       IoCreateDevice             00000001800024c6 f   ntoskrnl:ntoskrnl.exe
 0001:000014cc       IoCreateSymbolicLink       00000001800024cc f   ntoskrnl:ntoskrnl.exe
 0001:000014d2       IoDeleteDevice             00000001800024d2 f   ntoskrnl:ntoskrnl.exe
 0001:000014d8       IoFreeMdl                  00000001800024d8 f   ntoskrnl:ntoskrnl.exe
 0001:000014de       ObfDereferenceObject       00000001800024de f   ntoskrnl:ntoskrnl.exe
 0001:000014e4       MmGetPhysicalMemoryRanges  00000001800024e4 f   ntoskrnl:ntoskrnl.exe
 0001:000014ea       MmGetPhysicalAddress       00000001800024ea f   ntoskrnl:ntoskrnl.exe
 0001:000014f0       ObReferenceObjectByName    00000001800024f0 f   ntoskrnl:ntoskrnl.exe
 0001:000014f6       __C_specific_handler       00000001800024f6 f   ntoskrnl:ntoskrnl.exe
 0001:000014fc       __cpu_features_init        00000001800024fc f   ntoskrnl:cpuinfo.obj
 0001:000015c0       memset                     00000001800025c0 f   ntoskrnl:memset.obj
 0001:000015c0       memset_$fo_default$        00000001800025c0     ntoskrnl:memset.obj
 0001:00001700       __memset_repmovs           0000000180002700 f   ntoskrnl:memset.obj
 0001:00001780       __memset_query             0000000180002780 f   ntoskrnl:memset.obj
 0002:00000000       __imp_RtlInitUnicodeString 0000000180003000     ntoskrnl:ntoskrnl.exe
 0002:00000008       __imp_DbgPrintEx           0000000180003008     ntoskrnl:ntoskrnl.exe
 0002:00000010       __imp_KeInitializeDpc      0000000180003010     ntoskrnl:ntoskrnl.exe
 0002:00000018       __imp_KeInsertQueueDpc     0000000180003018     ntoskrnl:ntoskrnl.exe
 0002:00000020       __imp_KeSetImportanceDpc   0000000180003020     ntoskrnl:ntoskrnl.exe
 0002:00000028       __imp_KeSetTargetProcessorDpc 0000000180003028     ntoskrnl:ntoskrnl.exe
 0002:00000030       __imp_KeInitializeEvent    0000000180003030     ntoskrnl:ntoskrnl.exe
 0002:00000038       __imp_KeSetEvent           0000000180003038     ntoskrnl:ntoskrnl.exe
 0002:00000040       __imp_KeWaitForSingleObject 0000000180003040     ntoskrnl:ntoskrnl.exe
 0002:00000048       __imp_KeInitializeSpinLock 0000000180003048     ntoskrnl:ntoskrnl.exe
 0002:00000050       __imp_KeAcquireSpinLockRaiseToDpc 0000000180003050     ntoskrnl:ntoskrnl.exe
 0002:00000058       __imp_KeReleaseSpinLock    0000000180003058     ntoskrnl:ntoskrnl.exe
 0002:00000060       __imp_KeGetCurrentProcessorNumberEx 0000000180003060     ntoskrnl:ntoskrnl.exe
 0002:00000068       __imp_KeQueryHighestNodeNumber 0000000180003068     ntoskrnl:ntoskrnl.exe
 0002:00000070       __imp_KeGetCurrentNodeNumber 0000000180003070     ntoskrnl:ntoskrnl.exe
 0002:00000078       __imp_KeQueryNodeActiveAffinity2 0000000180003078     ntoskrnl:ntoskrnl.exe
 0002:00000080       __imp_ExAllocatePoolWithTag 0000000180003080     ntoskrnl:ntoskrnl.exe
 0002:00000088       __imp_ExFreePoolWithTag    0000000180003088     ntoskrnl:ntoskrnl.exe
 0002:00000090       __imp_MmBuildMdlForNonPagedPool 0000000180003090     ntoskrnl:ntoskrnl.exe
 0002:00000098       __imp_MmMapLockedPagesSpecifyCache 0000000180003098     ntoskrnl:ntoskrnl.exe
 0002:000000a0       __imp_MmUnmapLockedPages   00000001800030a0     ntoskrnl:ntoskrnl.exe
 0002:000000a8       __imp_MmAllocateContiguousMemorySpecifyCache 00000001800030a8     ntoskrnl:ntoskrnl.exe
 0002:000000b0       __imp_MmFreeContiguousMemory 00000001800030b0     ntoskrnl:ntoskrnl.exe
 0002:000000b8       __imp_IoAllocateMdl        00000001800030b8     ntoskrnl:ntoskrnl.exe
 0002:000000c0       __imp_IofCompleteRequest   00000001800030c0     ntoskrnl:ntoskrnl.exe
 0002:000000c8       __imp_IoCreateDevice       00000001800030c8     ntoskrnl:ntoskrnl.exe
 0002:000000d0       __imp_IoCreateSymbolicLink 00000001800030d0     ntoskrnl:ntoskrnl.exe
 0002:000000d8       __imp_IoDeleteDevice       00000001800030d8     ntoskrnl:ntoskrnl.exe
 0002:000000e0       __imp_IoFreeMdl            00000001800030e0     ntoskrnl:ntoskrnl.exe
 0002:000000e8       __imp_ObfDereferenceObject 00000001800030e8     ntoskrnl:ntoskrnl.exe
 0002:000000f0       __imp_MmGetPhysicalMemoryRanges 00000001800030f0     ntoskrnl:ntoskrnl.exe
 0002:000000f8       __imp_MmGetPhysicalAddress 00000001800030f8     ntoskrnl:ntoskrnl.exe
 0002:00000100       __imp_ObReferenceObjectByName 0000000180003100     ntoskrnl:ntoskrnl.exe
 0002:00000108       __imp___C_specific_handler 0000000180003108     ntoskrnl:ntoskrnl.exe
 0002:00000110       IoDriverObjectType         0000000180003110     ntoskrnl:ntoskrnl.exe
 0002:00000110       __imp_IoDriverObjectType   0000000180003110     ntoskrnl:ntoskrnl.exe
 0002:00000118       \177ntoskrnl_NULL_THUNK_DATA 0000000180003118     ntoskrnl:ntoskrnl.exe
 0002:00000120       ??_C@_1BK@MAELLKHG@?$AA?2?$AAD?$AAr?$AAi?$AAv?$AAe?$AAr?$AA?2?$AAN?$AAu?$AAl?$AAl@ 0000000180003120     qcu_kdrv.obj
 0002:00000140       ??_C@_0DM@DFPDKLMN@?$FLQCU?$FN?5ObReferenceObjectByName?$CI?2@ 0000000180003140     qcu_kdrv.obj
 0002:00000180       ??_C@_1CA@BLMHKHMH@?$AA?2?$AAD?$AAe?$AAv?$AAi?$AAc?$AAe?$AA?2?$AAQ?$AAc?$AAu?$AAK?$AAd?$AAr?$AAv@ 0000000180003180     qcu_kdrv.obj
 0002:000001a0       ??_C@_0CF@COICPANH@?$FLQCU?$FN?5IoCreateDevice?5failed?3?50x@ 00000001800031a0     qcu_kdrv.obj
 0002:000001c8       ??_C@_1CI@KDMMNLFJ@?$AA?2?$AAD?$AAo?$AAs?$AAD?$AAe?$AAv?$AAi?$AAc?$AAe?$AAs?$AA?2?$AAQ?$AAc?$AAu@ 00000001800031c8     qcu_kdrv.obj
 0002:000001f0       ??_C@_0CL@DFMHNLBL@?$FLQCU?$FN?5IoCreateSymbolicLink?5fail@ 00000001800031f0     qcu_kdrv.obj
 0002:00000220       ??_C@_0CC@BHGDNDAD@?$FLQCU?$FN?5Driver?5loaded?4?5Device?3?5?$CFw@ 0000000180003220     qcu_kdrv.obj
 0002:00000248       ??_C@_0DB@FCOBDHLB@?$FLQCU?$FN?5Alloc?5?$CFllu?5MB?5?$EA?5phys?$DN0x?$CFl@ 0000000180003248     qcu_kdrv.obj
 0002:00000280       ??_C@_0CO@PLNMNKOB@?$FLQCU?$FN?5Mapped?5handle?$DN0x?$CFllX?5?9?$DO?5u@ 0000000180003280     qcu_kdrv.obj
 0002:00000304       __volatile_metadata        0000000180003304     <linker-defined>
 0003:00000000       __isa_info                 0000000180004000     ntoskrnl:cpuinfo.obj
 0003:00000040       ExPoolZeroingNativelySupported 0000000180004040     qcu_kdrv.obj
 0004:00000000       __IMPORT_DESCRIPTOR_ntoskrnl 0000000180005000     ntoskrnl:ntoskrnl.exe
 0004:00000014       __NULL_IMPORT_DESCRIPTOR   0000000180005014     ntoskrnl:ntoskrnl.exe

 entry point at        0001:00000050

 Static symbols

 0000:ffff9000       .debug$S                   0000000180000000     ntoskrnl:ntoskrnl.exe
 0000:ffff9000       .debug$S                   0000000180000000     ntoskrnl:ntoskrnl.exe
 0000:ffff9000       .debug$S                   0000000180000000     ntoskrnl:ntoskrnl.exe
 0000:ffff9000       .debug$S                   0000000180000000     ntoskrnl:ntoskrnl.exe
 0000:ffff9000       .debug$S                   0000000180000000     ntoskrnl:ntoskrnl.exe
 0000:ffff9000       .debug$S                   0000000180000000     ntoskrnl:ntoskrnl.exe
 0000:ffff9000       .debug$S                   0000000180000000     ntoskrnl:ntoskrnl.exe
 0000:ffff9000       .debug$S                   0000000180000000     ntoskrnl:ntoskrnl.exe
 0000:ffff9000       .debug$S                   0000000180000000     ntoskrnl:ntoskrnl.exe
 0000:ffff9000       .debug$S                   0000000180000000     ntoskrnl:ntoskrnl.exe
 0000:ffff9000       .debug$S                   0000000180000000     ntoskrnl:ntoskrnl.exe
 0000:ffff9000       .debug$S                   0000000180000000     ntoskrnl:ntoskrnl.exe
 0000:ffff9000       .debug$S                   0000000180000000     ntoskrnl:ntoskrnl.exe
 0000:ffff9000       .debug$S                   0000000180000000     ntoskrnl:ntoskrnl.exe
 0000:ffff9000       .debug$S                   0000000180000000     ntoskrnl:ntoskrnl.exe
 0000:ffff9000       .debug$S                   0000000180000000     ntoskrnl:ntoskrnl.exe
 0000:ffff9000       .debug$S                   0000000180000000     ntoskrnl:ntoskrnl.exe
 0000:ffff9000       .debug$S                   0000000180000000     ntoskrnl:ntoskrnl.exe
 0000:ffff9000       .debug$S                   0000000180000000     ntoskrnl:ntoskrnl.exe
 0000:ffff9000       .debug$S                   0000000180000000     ntoskrnl:ntoskrnl.exe
 0000:ffff9000       .debug$S                   0000000180000000     ntoskrnl:ntoskrnl.exe
 0000:ffff9000       .debug$S                   0000000180000000     ntoskrnl:ntoskrnl.exe
 0000:ffff9000       .debug$S                   0000000180000000     ntoskrnl:ntoskrnl.exe
 0000:ffff9000       .debug$S                   0000000180000000     ntoskrnl:ntoskrnl.exe
 0000:ffff9000       .debug$S                   0000000180000000     ntoskrnl:ntoskrnl.exe
 0000:ffff9000       .debug$S                   0000000180000000     ntoskrnl:ntoskrnl.exe
 0000:ffff9000       .debug$S                   0000000180000000     ntoskrnl:ntoskrnl.exe
 0000:ffff9000       .debug$S                   0000000180000000     ntoskrnl:ntoskrnl.exe
 0000:ffff9000       .debug$S                   0000000180000000     ntoskrnl:ntoskrnl.exe
 0000:ffff9000       .debug$S                   0000000180000000     ntoskrnl:ntoskrnl.exe
 0000:ffff9000       .debug$S                   0000000180000000     ntoskrnl:ntoskrnl.exe
 0000:ffff9000       .debug$S                   0000000180000000     ntoskrnl:ntoskrnl.exe
 0000:ffff9000       .debug$S                   0000000180000000     ntoskrnl:ntoskrnl.exe
 0000:ffff9000       .debug$S                   0000000180000000     ntoskrnl:ntoskrnl.exe
 0000:ffff9000       .debug$S                   0000000180000000     ntoskrnl:ntoskrnl.exe
 0001:00000000       CompleteIrp                0000000180001000 f   qcu_kdrv.obj
 0001:00000330       FindEntry                  0000000180001330 f   qcu_kdrv.obj
 0001:000003c0       HandleAllocPhysical        00000001800013c0 f   qcu_kdrv.obj
 0001:00000680       HandleFreePhysical         0000000180001680 f   qcu_kdrv.obj
 0001:000007e0       HandleGetNumaInfo          00000001800017e0 f   qcu_kdrv.obj
 0001:00000990       HandleMapToUser            0000000180001990 f   qcu_kdrv.obj
 0001:00000bb0       HandleQueryStatus          0000000180001bb0 f   qcu_kdrv.obj
 0001:00000c50       HandleReadPmc              0000000180001c50 f   qcu_kdrv.obj
 0001:00000e50       HandleUnmapFromUser        0000000180001e50 f   qcu_kdrv.obj
 0001:00001060       PmcDpcRoutine              0000000180002060 f   qcu_kdrv.obj
 0001:00001130       QcuClose                   0000000180002130 f   qcu_kdrv.obj
 0001:00001190       QcuCreate                  0000000180002190 f   qcu_kdrv.obj
 0001:000011f0       QcuDeviceControl           00000001800021f0 f   qcu_kdrv.obj
 0001:00001314       $LN16                      0000000180002314     qcu_kdrv.obj
 0001:00001334       $LN15                      0000000180002334     qcu_kdrv.obj
 0001:000015c0       $$000000                   00000001800025c0     ntoskrnl:memset.obj
 0001:000015e2       mset10                     00000001800025e2     ntoskrnl:memset.obj
 0001:000015f8       mset20                     00000001800025f8     ntoskrnl:memset.obj
 0001:00001621       mset30                     0000000180002621     ntoskrnl:memset.obj
 0001:00001650       mset45                     0000000180002650     ntoskrnl:memset.obj
 0001:00001656       mset46                     0000000180002656     ntoskrnl:memset.obj
 0001:00001680       mset47                     0000000180002680     ntoskrnl:memset.obj
 0001:000016b0       mset48                     00000001800026b0     ntoskrnl:memset.obj
 0001:000016c6       mset50                     00000001800026c6     ntoskrnl:memset.obj
 0001:00001700       $$000000                   0000000180002700     ntoskrnl:memset.obj
 0001:0000170a       repmovs10                  000000018000270a     ntoskrnl:memset.obj
 0001:0000173c       repmovs20                  000000018000273c     ntoskrnl:memset.obj
 0001:00001780       $$000000                   0000000180002780     ntoskrnl:memset.obj
 0001:000017b0       HandleMapToUser$filt$0     00000001800027b0 f   qcu_kdrv.obj
 0002:000004c8       $unwind$_InlineInterlockedAdd64 00000001800034c8     qcu_kdrv.obj
 0002:000004d4       $unwind$RtlFailFast        00000001800034d4     qcu_kdrv.obj
 0002:000004e0       $unwind$InitializeListHead 00000001800034e0     qcu_kdrv.obj
 0002:000004ec       $unwind$FatalListEntryError 00000001800034ec     qcu_kdrv.obj
 0002:000004f8       $unwind$RemoveEntryList    00000001800034f8     qcu_kdrv.obj
 0002:00000504       $unwind$InsertTailList     0000000180003504     qcu_kdrv.obj
 0002:00000510       $unwind$IoGetCurrentIrpStackLocation 0000000180003510     qcu_kdrv.obj
 0002:0000051c       $unwind$QcuCreate          000000018000351c     qcu_kdrv.obj
 0002:00000528       $unwind$QcuClose           0000000180003528     qcu_kdrv.obj
 0002:00000534       $unwind$QcuDeviceControl   0000000180003534     qcu_kdrv.obj
 0002:00000540       $unwind$HandleAllocPhysical 0000000180003540     qcu_kdrv.obj
 0002:00000550       $unwind$HandleFreePhysical 0000000180003550     qcu_kdrv.obj
 0002:0000055c       $unwind$HandleMapToUser    000000018000355c     qcu_kdrv.obj
 0002:00000580       $unwind$HandleMapToUser$filt$0 0000000180003580     qcu_kdrv.obj
 0002:00000588       $unwind$HandleUnmapFromUser 0000000180003588     qcu_kdrv.obj
 0002:00000594       $unwind$HandleGetNumaInfo  0000000180003594     qcu_kdrv.obj
 0002:000005a4       $unwind$HandleReadPmc      00000001800035a4     qcu_kdrv.obj
 0002:000005b0       $unwind$HandleQueryStatus  00000001800035b0     qcu_kdrv.obj
 0002:000005bc       $unwind$FindEntry          00000001800035bc     qcu_kdrv.obj
 0002:000005c8       $unwind$CompleteIrp        00000001800035c8     qcu_kdrv.obj
 0002:000005d4       $unwind$CustomDriverEntry  00000001800035d4     qcu_kdrv.obj
 0002:000005e0       $unwind$PmcDpcRoutine      00000001800035e0     qcu_kdrv.obj
 0002:000005f0       $xdatasym$memset           00000001800035f0     ntoskrnl:memset.obj
 0002:000005f8       $xdatasym$__memset_repmovs 00000001800035f8     ntoskrnl:memset.obj
 0002:00000608       $xdatasym$__memset_query   0000000180003608     ntoskrnl:memset.obj
 0002:0000061c       $unwind$__cpu_features_init 000000018000361c     ntoskrnl:cpuinfo.obj
 0003:00000048       g_alloc_list               0000000180004048     qcu_kdrv.obj
 0003:00000058       g_alloc_lock               0000000180004058     qcu_kdrv.obj
 0003:00000060       g_alloc_count              0000000180004060     qcu_kdrv.obj
 0003:00000068       g_alloc_bytes              0000000180004068     qcu_kdrv.obj
 0003:00000070       g_device_obj               0000000180004070     qcu_kdrv.obj
 0003:00000078       g_orig_create              0000000180004078     qcu_kdrv.obj
 0003:00000080       g_orig_close               0000000180004080     qcu_kdrv.obj
 0003:00000088       g_orig_ioctl               0000000180004088     qcu_kdrv.obj
 0004:00000480       .idata$6                   0000000180005480     ntoskrnl:ntoskrnl.exe
